[Mon Jan 12 17:43:24 2026] User: bid1       | Action: REGISTERED new account
[Mon Jan 12 17:43:40 2026] User: au1        | Action: REGISTERED new account
[Mon Jan 12 17:43:48 2026] User: bid1       | Action: LOGGED IN
[Mon Jan 12 17:47:31 2026] User: au1        | Action: LOGGED IN
[Mon Jan 12 17:47:55 2026] User: au1        | Action: Da tao phong dau gia moi
[Mon Jan 12 17:47:57 2026] User: au1        | Action: Tham gia vao phong
[Mon Jan 12 17:48:19 2026] User: au1        | Action: Da roi khoi phong
[Mon Jan 12 17:58:12 2026] User: bid1       | Action: LOGGED IN
[Mon Jan 12 17:58:21 2026] User: au1        | Action: LOGGED IN
[Mon Jan 12 17:58:28 2026] User: au1        | Action: Tham gia vao phong
[Mon Jan 12 17:58:50 2026] User: au1        | Action: Da them vat pham moi vao hang cho
[Mon Jan 12 18:08:08 2026] User: oanh       | Action: REGISTERED new account
[Mon Jan 12 18:17:35 2026] User: oanh       | Action: LOGGED IN
[Mon Jan 12 18:18:04 2026] User: au1        | Action: LOGGED IN
[Mon Jan 12 18:18:08 2026] User: au1        | Action: Tham gia vao phong
[Mon Jan 12 18:18:11 2026] User: oanh       | Action: Tham gia vao phong
[Mon Jan 12 18:19:47 2026] User: au1        | Action: Da bat dau phien dau gia
[Mon Jan 12 18:20:47 2026] User: oanh       | Action: Placed a bid
[Mon Jan 12 18:21:57 2026] User: au1        | Action: Da roi khoi phong
[Mon Jan 12 18:22:06 2026] User: oanh       | Action: Da roi khoi phong
[Mon Jan 12 18:29:42 2026] User: oanh       | Action: LOGGED IN
[Mon Jan 12 18:35:50 2026] User: oanh       | Action: LOGGED IN
[Mon Jan 12 18:37:15 2026] User: au1        | Action: LOGGED IN
[Mon Jan 12 18:37:39 2026] User: au1        | Action: Da tao phong dau gia moi
[Mon Jan 12 18:37:44 2026] User: oanh       | Action: Tham gia vao phong
[Mon Jan 12 18:37:51 2026] User: au1        | Action: Tham gia vao phong
